.next/types/app/api/agent/artifacts/[artifactId]/promote/route.ts(166,7): error TS2344: Type '{ __tag__: "POST"; __param_position__: "second"; __param_type__: { params: { artifactId: string; }; }; }' does not satisfy the constraint 'ParamCheck<RouteContext>'.
  The types of '__param_type__.params' are incompatible between these types.
    Type '{ artifactId: string; }' is missing the following properties from type 'Promise<any>': then, catch, finally, [Symbol.toStringTag]
.next/types/app/api/agent/artifacts/[artifactId]/review/route.ts(166,7): error TS2344: Type '{ __tag__: "POST"; __param_position__: "second"; __param_type__: { params: { artifactId: string; }; }; }' does not satisfy the constraint 'ParamCheck<RouteContext>'.
  The types of '__param_type__.params' are incompatible between these types.
    Type '{ artifactId: string; }' is missing the following properties from type 'Promise<any>': then, catch, finally, [Symbol.toStringTag]
.next/types/app/api/agent/tasks/[taskId]/execute/route.ts(166,7): error TS2344: Type '{ __tag__: "POST"; __param_position__: "second"; __param_type__: { params: { taskId: string; }; }; }' does not satisfy the constraint 'ParamCheck<RouteContext>'.
  The types of '__param_type__.params' are incompatible between these types.
    Type '{ taskId: string; }' is missing the following properties from type 'Promise<any>': then, catch, finally, [Symbol.toStringTag]
app/api-setup/page.tsx(17,82): error TS2304: Cannot find name 'Zap'.
app/design-library/page.tsx(36,9): error TS2322: Type '{ title: string; subtitle: string; eyebrow: string; icon: Element; action: Element; }' is not assignable to type 'IntrinsicAttributes & BrandPageHeaderProps'.
  Property 'action' does not exist on type 'IntrinsicAttributes & BrandPageHeaderProps'. Did you mean 'actions'?
app/digital-twin/page.tsx(83,9): error TS2322: Type '{ key: string; label: string; icon: Element; }[]' is not assignable to type 'Tab[]'.
  Property 'id' is missing in type '{ key: string; label: string; icon: JSX.Element; }' but required in type 'Tab'.
app/digital-twin/page.tsx(92,22): error TS2322: Type '{ value: number; size: number; strokeWidth: number; color: string; }' is not assignable to type 'IntrinsicAttributes & BrandScoreRingProps'.
  Property 'value' does not exist on type 'IntrinsicAttributes & BrandScoreRingProps'.
app/digital-twin/page.tsx(150,112): error TS2322: Type '{ children: (string | Element)[]; variant: "primary"; onClick: () => void; loading: boolean; fullWidthOnMobile: true; }' is not assignable to type 'IntrinsicAttributes & BrandButtonProps'.
  Property 'fullWidthOnMobile' does not exist on type 'IntrinsicAttributes & BrandButtonProps'.
app/environmental/page.tsx(91,15): error TS2304: Cannot find name 'CheckCircle'.
app/environmental/page.tsx(117,71): error TS2304: Cannot find name 'Activity'.
app/environmental/page.tsx(135,12): error TS2552: Cannot find name 'BrandCardHeader'. Did you mean 'BrandPageHeader'?
app/environmental/page.tsx(140,15): error TS2304: Cannot find name 'BrandInput'.
app/environmental/page.tsx(141,15): error TS2304: Cannot find name 'BrandInput'.
app/environmental/page.tsx(154,15): error TS2304: Cannot find name 'BrandInput'.
app/environmental/page.tsx(155,15): error TS2304: Cannot find name 'BrandInput'.
app/environmental/page.tsx(202,84): error TS2322: Type '"icon"' is not assignable to type 'ButtonSize'.
app/environmental/page.tsx(206,54): error TS2322: Type '"icon"' is not assignable to type 'ButtonSize'.
app/environmental/page.tsx(207,54): error TS2322: Type '"icon"' is not assignable to type 'ButtonSize'.
app/health-check/page.tsx(110,22): error TS2322: Type '{ children: Element; title: string; padding: "md"; }' is not assignable to type 'IntrinsicAttributes & BrandCardProps'.
  Property 'title' does not exist on type 'IntrinsicAttributes & BrandCardProps'.
app/health-check/page.tsx(121,35): error TS2322: Type '"danger"' is not assignable to type 'BadgeVariant'.
app/health-check/page.tsx(132,22): error TS2322: Type '{ children: Element; title: string; padding: "md"; }' is not assignable to type 'IntrinsicAttributes & BrandCardProps'.
  Property 'title' does not exist on type 'IntrinsicAttributes & BrandCardProps'.
app/hermes-agent/page.tsx(111,9): error TS2322: Type '{ title: string; subtitle: string; eyebrow: string; icon: Element; action: Element; }' is not assignable to type 'IntrinsicAttributes & BrandPageHeaderProps'.
  Property 'action' does not exist on type 'IntrinsicAttributes & BrandPageHeaderProps'. Did you mean 'actions'?
app/hermes-architecture/page.tsx(411,18): error TS2304: Cannot find name 'Globe'.
app/notifications/page.tsx(6,11): error TS2305: Module '"lucide-react"' has no exported member 'MarkAsRead'.
app/stakeholders/page.tsx(97,17): error TS2353: Object literal may only specify known properties, and 'title' does not exist in type 'Properties<string | number, string & {}>'.
app/tasks/page.tsx(27,100): error TS2353: Object literal may only specify known properties, and 'year' does not exist in type 'Partial<Task> | (() => Partial<Task>)'.
components/brand/BrandAlert.tsx(16,129): error TS1117: An object literal cannot have multiple properties with the same name.
components/brand/BrandAlert.tsx(17,131): error TS1117: An object literal cannot have multiple properties with the same name.
components/brand/BrandAlert.tsx(18,115): error TS1117: An object literal cannot have multiple properties with the same name.
components/brand/BrandAlert.tsx(19,115): error TS1117: An object literal cannot have multiple properties with the same name.
components/brand/BrandAlert.tsx(32,15): error TS2322: Type '{ size: number; className: string; }' is not assignable to type 'IntrinsicAttributes'.
  Property 'size' does not exist on type 'IntrinsicAttributes'.
components/brand/HermesFloatingAgent.tsx(32,81): error TS2322: Type '"xs"' is not assignable to type '"sm" | "md"'.
components/OmniCoreShell.tsx(176,17): error TS2367: This comparison appears to be unintentional because the types '"minimal-blue" | "dark-navy" | "water-zen"' and '"water"' have no overlap.
components/OmniCoreShell.tsx(178,17): error TS2367: This comparison appears to be unintentional because the types '"minimal-blue" | "dark-navy" | "water-zen"' and '"light"' have no overlap.
components/OmniCoreShell.tsx(317,13): error TS2322: Type '{ currentTheme: ThemeId; onSelect: (id: ThemeId) => void; collapsed: boolean; }' is not assignable to type 'IntrinsicAttributes & ThemeSelectorProps'.
  Property 'currentTheme' does not exist on type 'IntrinsicAttributes & ThemeSelectorProps'.
components/OmniCoreShell.tsx(358,61): error TS2345: Argument of type '"dark"' is not assignable to parameter of type 'ThemeId | (() => ThemeId)'.
components/OmniCoreShell.tsx(412,21): error TS2367: This comparison appears to be unintentional because the types 'ThemeId' and '"water"' have no overlap.
components/OmniCoreShell.tsx(416,13): error TS2367: This comparison appears to be unintentional because the types '"minimal-blue" | "dark-navy" | "water-zen"' and '"light"' have no overlap.
components/OmniCoreShell.tsx(474,32): error TS2339: Property 'icon' does not exist on type 'ThemeConfig'.
components/OmniCoreShell.tsx(475,92): error TS2339: Property 'label' does not exist on type 'ThemeConfig'.
components/Sidebar.tsx(322,23): error TS2367: This comparison appears to be unintentional because the types '"light"' and '"dark"' have no overlap.
components/ui/Badge.tsx(3,10): error TS2305: Module '"@/lib/design-tokens"' has no exported member 't5Colors'.
components/ui/Badge.tsx(3,20): error TS2305: Module '"@/lib/design-tokens"' has no exported member 'esgColors'.
lib/agent/orchestrator.ts(190,37): error TS2322: Type '"completed"' is not assignable to type 'AgentExecutionStatus'.
lib/agent/orchestrator.ts(197,37): error TS2322: Type '"failed"' is not assignable to type 'AgentExecutionStatus'.
lib/genkit-esg.ts(36,14): error TS2554: Expected 2-3 arguments, but got 1.
lib/graphql/apollo-client.ts(7,19): error TS2315: Type 'ApolloClient' is not generic.
lib/graphql/apollo-client.ts(59,21): error TS2322: Type '"all"' is not assignable to type '"A default option for watchQuery.errorPolicy must be declared in ApolloClient.DeclareDefaultOptions before usage. See https://www.apollographql.com/docs/react/data/typescript#declaring-default-options-for-type-safety."'.
lib/graphql/apollo-client.ts(60,16): error TS2322: Type '"all"' is not assignable to type '"A default option for query.errorPolicy must be declared in ApolloClient.DeclareDefaultOptions before usage. See https://www.apollographql.com/docs/react/data/typescript#declaring-default-options-for-type-safety."'.
utils/supabase/middleware.ts(14,7): error TS2353: Object literal may only specify known properties, and 'getAll' does not exist in type 'CookieMethods'.
utils/supabase/server.ts(13,7): error TS2353: Object literal may only specify known properties, and 'getAll' does not exist in type 'CookieMethods'.
